<?xml version="1.0" encoding="utf-8"?>
<hashfilelist version="1.0" toolVersion="1.0">
  <hashedfile href="chart1_route_plot.png">nBk95hB1K1P2fwfRqe0EwA==</hashedfile>
  <hashedfile href="chart2_vertical_profile.png">A0zFWWdH9uGFH7+6qjE91A==</hashedfile>
  <hashedfile href="chart3_satellite_ir.png">BfnMbUUoutUhoJsFAAa55w==</hashedfile>
  <hashedfile href="chart4_surface_analysis.png">edKN9sXykXR8uftZzdAc0g==</hashedfile>
  <hashedfile href="chart5_turbulence_fl200-fl250_valid_12_utc_29_may_2025.png">GmCb0/z/fHVwTZ3azYUkNg==</hashedfile>
  <hashedfile href="chart6_turbulence_fl250-fl300_valid_12_utc_29_may_2025.png">geE1Hih9J9R9WFCrSsBP5Q==</hashedfile>
  <hashedfile href="chart7_turbulence_fl300-fl350_valid_12_utc_29_may_2025.png">T7h4m5vg1A+pJR9S2kHWyQ==</hashedfile>
  <hashedfile href="chart8_turbulence_fl350-fl400_valid_12_utc_29_may_2025.png">IfeuHzfl1rJKobnhaLcR6g==</hashedfile>
  <hashedfile href="chart9_turbulence_fl360-fl400_valid_12_utc_29_may_2025.png">eivSP0IDz/4Jmhe3FVpWSA==</hashedfile>
  <hashedfile href="chart10_vaac.png">C/l671aG1IFggo0zOgCP9g==</hashedfile>
  <hashedfile href="chart11_sigwx_valid_12_utc_29_may_2025.png">IefLyBG599UD6Z9Ot2Ey5w==</hashedfile>
  <hashedfile href="chart12_wind_and_temperature_fl300_valid_12_utc_29_may_2025.png">satMHfX8Zq84gK2BsN3n5w==</hashedfile>
  <hashedfile href="chart13_wind_and_temperature_fl340_valid_12_utc_29_may_2025.png">jI2KYTdZ3KCnDiY5GhLMVA==</hashedfile>
  <hashedfile href="chart14_wind_and_temperature_fl390_valid_12_utc_29_may_2025.png">8RvPKkVrUZEynFGEgPhhEg==</hashedfile>
  <hashedfile href="ATC_34747402.xml">YIUOLaKZ+t306r9cy2hHzw==</hashedfile>
  <hashedfile href="OFP_34747402.xml">2poPx6Ei3i1rdCMhqAmOjg==</hashedfile>
  <hashedfile href="OFP_34747402.pdf">jJm3wV+w/4NkNLrtD2tI8g==</hashedfile>
  <hashedfile href="OFP_34747402.txt">qXk+JPaGBEhVjN2HJqkTHg==</hashedfile>
  <hashedfile href="notam.xml">1hQPUoLFem3mr23wbhGSSw==</hashedfile>
  <hashedfile href="AirportWeather.xml">ahM1ORPDmYfEw+A7Kmik2Q==</hashedfile>
  <hashedfile href="RegionWeather.xml">fcaMgegGFdAQlmZqrOgAiA==</hashedfile>
  <hashedfile href="eff.xml">x9pGh+8pR8BsHmwC7/tHVg==</hashedfile>
  <checkcode>i1FWNdJ9NdtRG0I/zWyZRA==</checkcode>
</hashfilelist>