<?xml version="1.0" encoding="utf-8"?>
<hashfilelist version="1.0" toolVersion="1.0">
  <hashedfile href="chart1_route_plot.png">vxD+RSBCZR4qRb8AkfZapA==</hashedfile>
  <hashedfile href="chart2_vertical_profile.png">DLZI2qh2f0WEB+ijfRMEGg==</hashedfile>
  <hashedfile href="chart3_satellite_ir.png">BXsTX9U8T6Ft3qM62XHk6g==</hashedfile>
  <hashedfile href="chart4_surface_analysis.png">UxSAGuCP0Ev5trtpG92kxQ==</hashedfile>
  <hashedfile href="chart5_turbulence_fl170-fl210_valid_12_utc_29_may_2025.png">7MXk00i6eLpQLRqHOAaeYQ==</hashedfile>
  <hashedfile href="chart6_turbulence_fl200-fl250_valid_12_utc_29_may_2025.png">Li4d4zhrPoN2bHsnLN9tfg==</hashedfile>
  <hashedfile href="chart7_turbulence_fl250-fl300_valid_12_utc_29_may_2025.png">86JkknjRCf9KCMOe3aUEfA==</hashedfile>
  <hashedfile href="chart8_turbulence_fl300-fl350_valid_12_utc_29_may_2025.png">brAFXI//0/DYWRlMOAw1vQ==</hashedfile>
  <hashedfile href="chart9_turbulence_fl350-fl400_valid_12_utc_29_may_2025.png">5j5uWWnPQk7KervugE8kcQ==</hashedfile>
  <hashedfile href="chart10_vaac.png">45tacSUvOY4d2qAxpgsqzQ==</hashedfile>
  <hashedfile href="chart11_sigwx_valid_12_utc_29_may_2025.png">/WmhLQwyk3o6V6iwwFh85w==</hashedfile>
  <hashedfile href="chart12_wind_and_temperature_fl300_valid_12_utc_29_may_2025.png">jLULKZCkOpNghfjWPgoV5g==</hashedfile>
  <hashedfile href="chart13_wind_and_temperature_fl340_valid_12_utc_29_may_2025.png">zvGr4wB9u0tpG7vcxxEJPA==</hashedfile>
  <hashedfile href="chart14_wind_and_temperature_fl390_valid_12_utc_29_may_2025.png">oAgaOIRfqQ8oMZhwD53P3g==</hashedfile>
  <hashedfile href="ATC_34743300.xml">c8sWoy4Iatg6Q52uTi//YA==</hashedfile>
  <hashedfile href="OFP_34743300.xml">8JmEv30ol4roRoALf8MUtA==</hashedfile>
  <hashedfile href="OFP_34743300.pdf">f5nspq33Ufqkw2r/8thd9w==</hashedfile>
  <hashedfile href="OFP_34743300.txt">zDsTItttPUzszkEH3NTwOQ==</hashedfile>
  <hashedfile href="notam.xml">fSGTw4nJBP0MmYCx+NMQ3A==</hashedfile>
  <hashedfile href="AirportWeather.xml">QnpFZ98LESNZYuAiNIvb1Q==</hashedfile>
  <hashedfile href="RegionWeather.xml">QztyBS7uzVMyzyMHvQPglw==</hashedfile>
  <hashedfile href="OceanicTracks.txt">JRn7WhZbk017042LE61bmg==</hashedfile>
  <hashedfile href="eff.xml">dGt/MTM1ZO40ON08sHIACQ==</hashedfile>
  <checkcode>5nag4XzxUpxSnb75G/EInA==</checkcode>
</hashfilelist>