<?xml version="1.0" encoding="UTF-8"?>
    <hashfilelist version = "1.0" toolVersion="1.0">
    <checkcode>SJevaNteuJ1WYDlLygQsjw==</checkcode>
    <hashedfile href="AirportData.xml">3pcFLDkmITFha9OkxQyUlg==</hashedfile>
    <hashedfile href="AirportWeather.xml">Z14I6emki3P//WICN/927w==</hashedfile>
    <hashedfile href="AirspaceData.xml">DW/oQ02B2b5PWEq6rJVzFQ==</hashedfile>
    <hashedfile href="ATCFlightPlan.xml">/asmJBWC8OtHyXd1Ehtb5Q==</hashedfile>
    <hashedfile href="briefingid.txt">uXwPukDWvZs9nm60DkL35g==</hashedfile>
    <hashedfile href="CrewAdditionalInfo.txt">uwz0UxENY+21lUMDcKAk7w==</hashedfile>
    <hashedfile href="CrewAlert.txt">zE9T0FiN2/acD4b+PNRHAg==</hashedfile>
    <hashedfile href="CrewBulletin.txt">dn0i5pYBIy1n5+/3Q7GBng==</hashedfile>
    <hashedfile href="eff.xml">Dws4geEBo1By5QWW1PeQzA==</hashedfile>
    <hashedfile href="LTAIEDDK-std.xml">jqZSQ2EK68RugA6PmXwr8g==</hashedfile>
    <hashedfile href="NOTAM validity.txt">Oxeo0ZxNTG09XxSkwmCSNQ==</hashedfile>
    <hashedfile href="NOTAM.xml">fs3Vm04+pgjwmcPmOZCUFg==</hashedfile>
    <hashedfile href="Paper Flight Plan.pdf">wSVrShTQ6H514NLcHDVKnw==</hashedfile>
    <hashedfile href="RAIM.txt">KxOsBG/P3PRoou8fkd6Jfg==</hashedfile>
    <hashedfile href="SIGWX_MED_LON_FIX_1518.GIF">CE+e2R1c0y2BpvB18f9t8A==</hashedfile>
    <hashedfile href="TropicalCyclone.txt">0t3vttoVrbxPernBNv4JbQ==</hashedfile>
    <hashedfile href="UAD_FL340.GIF">UgKbMTzBsR9n18JAxIPOog==</hashedfile>
    <hashedfile href="UAD_FL380.GIF">QoTX0z08Dy9+Agz39b8X2Q==</hashedfile>
    <hashedfile href="UAD_FL420.GIF">MN98NvIpngwLpy+Z383u3g==</hashedfile>
    <hashedfile href="UpperWindData.xml">gM1YyLzZR7+/UbAH6k6ngQ==</hashedfile>
    <hashedfile href="VertProf.GIF">9EIQaWOmz39xCIUO6vRIfg==</hashedfile>
    <hashedfile href="VolcanicAsh.txt">aeT2Xt64AOTTttR7xGtJ1g==</hashedfile>
</hashfilelist>
